[runtime] fused-ssim extension unavailable; using import stand-in /space/mawb/ssst/third_party/shims
[runtime] preloaded precompiled gsplat extension from /space/mawb/tokengs_siu3r_joint_v1/.torch_extensions_v4/gsplat_cuda/gsplat_cuda.so
[pg] step 0 ctx {'18032': 0.30878404296125816, '20030': 0.4554878048780488} novel {'18032': 0.3410633484162896, '20030': 0.48176027793862186} conserve 1.4e-06
[pg] step 50 ctx {'18032': 0.3110655212206693, '20030': 0.4473053892215569} novel {'18032': 0.34181150204889077, '20030': 0.4752136752136752} conserve 1.5e-06
[pg] step 150 ctx {'18032': 0.30356019625110076, '20030': 0.43088047639302424} novel {'18032': 0.3337950138504155, '20030': 0.4262788365095286} conserve 1.8e-06
[pg] step 300 ctx {'18032': 0.3489441172245367, '20030': 0.44715447154471544} novel {'18032': 0.3574914953409259, '20030': 0.41358024691358025} conserve 1.7e-06
{
 "per_gaussian_pass": false,
 "last": {
  "step": 300,
  "conservation_max_abs_error": 1.6689300537109375e-06,
  "sentinels_context_best_iou": {
   "18032": 0.3489441172245367,
   "20030": 0.44715447154471544
  },
  "sentinels_novel_best_iou": {
   "18032": 0.3574914953409259,
   "20030": 0.41358024691358025
  },
  "all_instances_context_best_iou_mean": 0.3251475745148896
 }
}
