[runtime] fused-ssim extension unavailable; using import stand-in /space/mawb/ssst/third_party/shims
[runtime] preloaded precompiled gsplat extension from /space/mawb/tokengs_siu3r_joint_v1/.torch_extensions_v4/gsplat_cuda/gsplat_cuda.so
[wS] step 0 nll 0.3044 ctx {'17': 0.0, '19': 0.0} novel {'17': 0.0, '19': 0.0}
{
 "semantic_local_pass_weighted": false,
 "final": {
  "step": 0,
  "weighted_nll": 0.30439817905426025,
  "supervised_pixels": 259198,
  "context_sentinel_iou": {
   "17": 0.0,
   "19": 0.0
  },
  "novel_sentinel_iou": {
   "17": 0.0,
   "19": 0.0
  },
  "context_miou_present": 0.29446412494421603
 },
 "frozen_params_unchanged": true
}
