[runtime] fused-ssim extension unavailable; using import stand-in /space/mawb/ssst/third_party/shims
[runtime] preloaded precompiled gsplat extension from /space/mawb/tokengs_siu3r_joint_v1/.torch_extensions_v4/gsplat_cuda/gsplat_cuda.so
[wS] step 0 nll 0.3044 ctx {'17': 0.0, '19': 0.0} novel {'17': 0.0, '19': 0.0}
[wS] step 100 nll 0.1041 ctx {'17': 0.3222374742621826, '19': 0.44034944034944035} novel {'17': 0.44983320502950985, '19': 0.5342028985507247}
[wS] step 200 nll 0.0947 ctx {'17': 0.3465781179648807, '19': 0.4569012547735952} novel {'17': 0.47674858223062383, '19': 0.5422171165996553}
[wS] step 400 nll 0.0887 ctx {'17': 0.378429203539823, '19': 0.4672667757774141} novel {'17': 0.5070145212896874, '19': 0.5466781214203894}
[wS] step 800 nll 0.0843 ctx {'17': 0.3966727881603111, '19': 0.4716621253405995} novel {'17': 0.5226430875851357, '19': 0.5459474885844748}
{
 "semantic_local_pass_weighted": false,
 "final": {
  "step": 800,
  "weighted_nll": 0.08432799577713013,
  "supervised_pixels": 259198,
  "context_sentinel_iou": {
   "17": 0.3966727881603111,
   "19": 0.4716621253405995
  },
  "novel_sentinel_iou": {
   "17": 0.5226430875851357,
   "19": 0.5459474885844748
  },
  "context_miou_present": 0.508957227180068
 },
 "frozen_params_unchanged": true
}
