[runtime] fused-ssim extension unavailable; using import stand-in /space/mawb/ssst/third_party/shims
[runtime] preloaded precompiled gsplat extension from /space/mawb/tokengs_siu3r_joint_v1/.torch_extensions_v4/gsplat_cuda/gsplat_cuda.so
[gen] scene   1 scene0000_00 windows 8 (attempts 10)
[gen] scene   2 scene0000_01 windows 8 (attempts 8)
[gen] scene   3 scene0000_02 windows 8 (attempts 10)
[gen] scene   4 scene0001_00 windows 8 (attempts 8)
[gen] scene   5 scene0001_01 windows 8 (attempts 8)
[gen] scene   6 scene0002_00 windows 8 (attempts 8)
[gen] scene   7 scene0002_01 windows 8 (attempts 9)
[gen] scene   8 scene0003_00 windows 8 (attempts 12)
[gen] scene   9 scene0003_01 windows 8 (attempts 8)
[gen] scene  10 scene0003_02 windows 8 (attempts 8)
[gen] scene  11 scene0004_00 windows 8 (attempts 9)
[gen] scene  12 scene0005_00 windows 8 (attempts 8)
[gen] scene  13 scene0005_01 windows 8 (attempts 8)
[gen] scene  14 scene0006_00 windows 8 (attempts 10)
[gen] scene  15 scene0006_01 windows 8 (attempts 9)
[gen] scene  16 scene0006_02 windows 8 (attempts 10)
[gen] scene  17 scene0007_00 windows 8 (attempts 13)
[gen] scene  18 scene0008_00 windows 8 (attempts 8)
[gen] scene  19 scene0009_00 windows 8 (attempts 14)
[gen] scene  20 scene0009_01 windows 8 (attempts 11)
[gen] scene  21 scene0009_02 windows 8 (attempts 8)
[gen] scene  22 scene0010_00 windows 8 (attempts 8)
[gen] scene  23 scene0010_01 windows 8 (attempts 9)
[gen] scene  24 scene0012_00 windows 8 (attempts 11)
[gen] scene  25 scene0012_01 windows 8 (attempts 8)
[gen] scene  26 scene0012_02 windows 8 (attempts 10)
[gen] scene  27 scene0013_00 windows 8 (attempts 8)
[gen] scene  28 scene0013_01 windows 8 (attempts 8)
[gen] scene  29 scene0013_02 windows 8 (attempts 8)
[gen] scene  30 scene0014_00 windows 8 (attempts 8)
[gen] scene  31 scene0016_00 windows 8 (attempts 11)
[gen] scene  32 scene0016_01 windows 8 (attempts 10)
[gen] scene  33 scene0016_02 windows 8 (attempts 8)
[gen] scene  34 scene0017_00 windows 8 (attempts 8)
[gen] scene  35 scene0017_01 windows 8 (attempts 9)
[gen] scene  36 scene0017_02 windows 8 (attempts 8)
[gen] scene  37 scene0018_00 windows 8 (attempts 12)
[gen] scene  38 scene0020_00 windows 8 (attempts 15)
[gen] scene  39 scene0020_01 windows 8 (attempts 11)
[gen] scene  40 scene0021_00 windows 8 (attempts 9)
[gen] scene  41 scene0022_00 windows 8 (attempts 9)
[gen] scene  42 scene0022_01 windows 8 (attempts 8)
[gen] scene  43 scene0023_00 windows 8 (attempts 8)
[gen] scene  44 scene0024_00 windows 8 (attempts 9)
[gen] scene  45 scene0024_01 windows 8 (attempts 8)
[gen] scene  46 scene0024_02 windows 8 (attempts 8)
[gen] scene  47 scene0026_00 windows 8 (attempts 9)
[gen] scene  48 scene0027_00 windows 8 (attempts 10)
[gen] scene  49 scene0027_01 windows 8 (attempts 10)
[gen] scene  50 scene0027_02 windows 8 (attempts 11)
[gen] scene  51 scene0028_00 windows 8 (attempts 8)
[gen] scene  52 scene0029_00 windows 8 (attempts 10)
[gen] scene  53 scene0029_01 windows 8 (attempts 12)
[gen] scene  54 scene0029_02 windows 8 (attempts 11)
[gen] scene  55 scene0031_00 windows 8 (attempts 8)
[gen] scene  56 scene0031_01 windows 8 (attempts 8)
[gen] scene  57 scene0031_02 windows 8 (attempts 8)
[gen] scene  58 scene0032_00 windows 8 (attempts 12)
[gen] scene  59 scene0032_01 windows 8 (attempts 8)
[gen] scene  60 scene0033_00 windows 8 (attempts 8)
[gen] scene  61 scene0034_00 windows 8 (attempts 8)
[gen] scene  62 scene0034_01 windows 8 (attempts 8)
[gen] scene  63 scene0034_02 windows 8 (attempts 11)
[gen] scene  64 scene0035_00 windows 8 (attempts 10)
[gen] scene  65 scene0035_01 windows 8 (attempts 12)
[gen] scene  66 scene0036_00 windows 8 (attempts 9)
[gen] scene  67 scene0036_01 windows 8 (attempts 8)
[gen] scene  68 scene0037_00 windows 8 (attempts 9)
[gen] scene  69 scene0038_00 windows 8 (attempts 9)
[gen] scene  70 scene0038_01 windows 8 (attempts 8)
[gen] scene  71 scene0038_02 windows 8 (attempts 8)
[gen] scene  72 scene0039_00 windows 8 (attempts 8)
[gen] scene  73 scene0039_01 windows 8 (attempts 24)
[gen] scene  74 scene0040_00 windows 8 (attempts 9)
[gen] scene  75 scene0040_01 windows 8 (attempts 8)
[gen] scene  76 scene0041_00 windows 8 (attempts 8)
[gen] scene  77 scene0041_01 windows 8 (attempts 8)
[gen] scene  78 scene0042_00 windows 8 (attempts 16)
[gen] scene  79 scene0042_01 windows 8 (attempts 18)
[gen] scene  80 scene0042_02 windows 8 (attempts 16)
[gen] scene  81 scene0043_00 windows 8 (attempts 14)
[gen] scene  82 scene0043_01 windows 8 (attempts 10)
[gen] scene  83 scene0044_01 windows 8 (attempts 29)
[gen] scene  84 scene0045_00 windows 8 (attempts 9)
[gen] scene  85 scene0045_01 windows 8 (attempts 8)
[gen] scene  86 scene0047_00 windows 8 (attempts 8)
[gen] scene  87 scene0048_00 windows 8 (attempts 8)
[gen] scene  88 scene0048_01 windows 8 (attempts 11)
[gen] scene  89 scene0049_00 windows 8 (attempts 8)
[gen] scene  90 scene0051_00 windows 8 (attempts 11)
[gen] scene  91 scene0051_01 windows 8 (attempts 8)
[gen] scene  92 scene0051_02 windows 8 (attempts 9)
[gen] scene  93 scene0051_03 windows 8 (attempts 10)
[gen] scene  94 scene0052_00 windows 8 (attempts 22)
[gen] scene  95 scene0052_01 windows 8 (attempts 31)
[gen] scene  96 scene0052_02 windows 8 (attempts 27)
[gen] scene  97 scene0053_00 windows 8 (attempts 8)
[gen] scene  98 scene0054_00 windows 8 (attempts 8)
[gen] scene  99 scene0055_00 windows 8 (attempts 9)
[gen] scene 100 scene0055_01 windows 8 (attempts 13)
[gen] scene 101 scene0055_02 windows 8 (attempts 8)
[gen] scene 102 scene0056_00 windows 8 (attempts 9)
[gen] scene 103 scene0056_01 windows 8 (attempts 8)
[gen] scene 104 scene0057_00 windows 8 (attempts 8)
[gen] scene 105 scene0057_01 windows 8 (attempts 10)
[gen] scene 106 scene0058_00 windows 8 (attempts 9)
[gen] scene 107 scene0058_01 windows 8 (attempts 8)
[gen] scene 108 scene0059_00 windows 8 (attempts 8)
[gen] scene 109 scene0059_01 windows 8 (attempts 8)
[gen] scene 110 scene0059_02 windows 8 (attempts 8)
[gen] scene 111 scene0060_00 windows 8 (attempts 36)
[gen] scene 112 scene0060_01 windows 8 (attempts 18)
[gen] scene 113 scene0061_00 windows 8 (attempts 11)
[gen] scene 114 scene0061_01 windows 8 (attempts 11)
[gen] scene 115 scene0062_00 windows 8 (attempts 10)
[gen] scene 116 scene0062_01 windows 8 (attempts 8)
[gen] scene 117 scene0062_02 windows 8 (attempts 10)
[gen] scene 118 scene0065_00 windows 8 (attempts 10)
[gen] scene 119 scene0065_01 windows 8 (attempts 9)
[gen] scene 120 scene0065_02 windows 8 (attempts 8)
[gen] scene 121 scene0066_00 windows 8 (attempts 8)
[gen] scene 122 scene0067_00 windows 8 (attempts 34)
[gen] scene 123 scene0067_01 windows 8 (attempts 14)
[gen] scene 124 scene0067_02 windows 8 (attempts 18)
[gen] scene 125 scene0068_00 windows 8 (attempts 8)
[gen] scene 126 scene0068_01 windows 8 (attempts 9)
[gen] scene 127 scene0070_00 windows 8 (attempts 9)
[gen] scene 128 scene0071_00 windows 8 (attempts 18)
[gen] prepared 128 scenes / 1024 windows / 5000 steps
