[runtime] fused-ssim extension unavailable; using import stand-in /space/mawb/ssst/third_party/shims
[runtime] cannot load /space/mawb/tokengs_siu3r_joint_v1/.torch_extensions_v4/gsplat_cuda/gsplat_cuda.so (/lib/x86_64-linux-gnu/libc.so.6: version `GLIBC_2.34' not found (required by /space/mawb/tokengs_siu3r_joint_v1/.torch_extensions_v4/gsplat_cuda/gsplat_cuda.so)); trying the next candidate
[runtime] preloaded precompiled gsplat extension from /space/mawb/.cache/torch_extensions_backup/gsplat_cuda_partial_1406/gsplat_cuda.so
[plan] 500/6000 steps, 15s
[plan] 1000/6000 steps, 30s
[plan] 1500/6000 steps, 43s
[plan] 2000/6000 steps, 58s
[plan] 2500/6000 steps, 75s
[plan] 3000/6000 steps, 95s
[plan] 3500/6000 steps, 119s
[plan] 4000/6000 steps, 142s
[plan] 4500/6000 steps, 161s
[plan] 5000/6000 steps, 185s
[plan] 5500/6000 steps, 211s
[plan] 6000/6000 steps, 237s
[plan] verified step 1 scene scene0000_02 frames [5238, 5255, 5239, 5250] sem unique [0, 1, 7, 255]... instance max 64
[plan] verified step 858 scene scene0000_01 frames [4999, 5035, 5022, 5028] sem unique [0, 1, 2, 8, 11, 255]... instance max 65
[plan] verified step 1715 scene scene0009_02 frames [912, 961, 914, 921] sem unique [0, 1, 7, 19]... instance max 19
[plan] verified step 2572 scene scene0016_00 frames [21, 58, 29, 30] sem unique [0, 1, 7, 13, 14, 255]... instance max 54
[plan] verified step 3429 scene scene0012_01 frames [313, 342, 329, 334] sem unique [0, 4, 6, 7, 255]... instance max 34
[plan] verified step 4286 scene scene0012_01 frames [1382, 1417, 1384, 1414] sem unique [0, 1, 4, 7, 255]... instance max 22
[plan] verified step 5143 scene scene0010_00 frames [2463, 2479, 2466, 2467] sem unique [0, 1, 2, 4, 7, 12]... instance max 61
[plan] verified step 6000 scene scene0001_00 frames [369, 414, 382, 389] sem unique [0, 1, 4, 5, 6, 8]... instance max 18
[plan] wrote object_locusgs/plan_6000.json (0.99 MB) sha256=a2a65c1382da0307a68fb6d27e5c1345aa78b46331acb2927e88b47a3c3d08bb
[plan] scenes drawn: 32/32 min 157 max 213
