[runtime] fused-ssim extension unavailable; using import stand-in /space/mawb/ssst/third_party/shims
[runtime] preloaded precompiled gsplat extension from /space/mawb/tokengs_siu3r_joint_v1/.torch_extensions_v4/gsplat_cuda/gsplat_cuda.so
{
 "record_index": 0,
 "scene": "scene0011_00",
 "context_ids": [
  1727,
  1744
 ],
 "target_ids": [
  1727,
  1729,
  1732,
  1738,
  1739,
  1744
 ],
 "batch_frame_ids": [
  1727,
  1744,
  1729,
  1732,
  1738,
  1739
 ],
 "novel_ids": [
  1729,
  1732,
  1738,
  1739
 ],
 "panoptic_views": [
  {
   "view": 0,
   "candidates": 7,
   "gate_counts": {
    "score": 14,
    "thing_class": 14,
    "mask": 7,
    "area": 7
   },
   "overlap_pixels": 0,
   "thing_pixels": 49003,
   "stuff_pixels": 15232,
   "void_pixels": 1301
  },
  {
   "view": 1,
   "candidates": 7,
   "gate_counts": {
    "score": 14,
    "thing_class": 14,
    "mask": 7,
    "area": 7
   },
   "overlap_pixels": 0,
   "thing_pixels": 47722,
   "stuff_pixels": 15873,
   "void_pixels": 1941
  },
  {
   "view": 2,
   "candidates": 7,
   "gate_counts": {
    "score": 14,
    "thing_class": 14,
    "mask": 7,
    "area": 7
   },
   "overlap_pixels": 0,
   "thing_pixels": 49061,
   "stuff_pixels": 15157,
   "void_pixels": 1318
  },
  {
   "view": 3,
   "candidates": 7,
   "gate_counts": {
    "score": 14,
    "thing_class": 14,
    "mask": 7,
    "area": 7
   },
   "overlap_pixels": 0,
   "thing_pixels": 49027,
   "stuff_pixels": 15161,
   "void_pixels": 1348
  },
  {
   "view": 4,
   "candidates": 7,
   "gate_counts": {
    "score": 14,
    "thing_class": 14,
    "mask": 7,
    "area": 7
   },
   "overlap_pixels": 0,
   "thing_pixels": 49429,
   "stuff_pixels": 14711,
   "void_pixels": 1396
  },
  {
   "view": 5,
   "candidates": 7,
   "gate_counts": {
    "score": 14,
    "thing_class": 14,
    "mask": 7,
    "area": 7
   },
   "overlap_pixels": 0,
   "thing_pixels": 49263,
   "stuff_pixels": 14816,
   "void_pixels": 1457
  }
 ],
 "alpha_conservation": 1.6689300537109375e-06
}
[export] wrote 1 records; unchanged=True
[runtime] fused-ssim extension unavailable; using import stand-in /space/mawb/ssst/third_party/shims
[runtime] preloaded precompiled gsplat extension from /space/mawb/tokengs_siu3r_joint_v1/.torch_extensions_v4/gsplat_cuda/gsplat_cuda.so
{
 "record_index": 0,
 "scene": "scene0011_00",
 "context_ids": [
  1727,
  1744
 ],
 "target_ids": [
  1727,
  1729,
  1732,
  1738,
  1739,
  1744
 ],
 "batch_frame_ids": [
  1727,
  1744,
  1729,
  1732,
  1738,
  1739
 ],
 "novel_ids": [
  1729,
  1732,
  1738,
  1739
 ],
 "panoptic_views": [
  {
   "view": 0,
   "candidates": 5,
   "gate_counts": {
    "score": 12,
    "thing_class": 12,
    "mask": 5,
    "area": 5
   },
   "overlap_pixels": 0,
   "thing_pixels": 16498,
   "stuff_pixels": 47992,
   "void_pixels": 1046
  },
  {
   "view": 1,
   "candidates": 5,
   "gate_counts": {
    "score": 12,
    "thing_class": 12,
    "mask": 5,
    "area": 5
   },
   "overlap_pixels": 0,
   "thing_pixels": 15422,
   "stuff_pixels": 49032,
   "void_pixels": 1082
  },
  {
   "view": 2,
   "candidates": 5,
   "gate_counts": {
    "score": 12,
    "thing_class": 12,
    "mask": 5,
    "area": 5
   },
   "overlap_pixels": 0,
   "thing_pixels": 16482,
   "stuff_pixels": 47981,
   "void_pixels": 1073
  },
  {
   "view": 3,
   "candidates": 5,
   "gate_counts": {
    "score": 12,
    "thing_class": 12,
    "mask": 5,
    "area": 5
   },
   "overlap_pixels": 0,
   "thing_pixels": 16059,
   "stuff_pixels": 48392,
   "void_pixels": 1085
  },
  {
   "view": 4,
   "candidates": 5,
   "gate_counts": {
    "score": 12,
    "thing_class": 12,
    "mask": 5,
    "area": 5
   },
   "overlap_pixels": 0,
   "thing_pixels": 16784,
   "stuff_pixels": 47668,
   "void_pixels": 1084
  },
  {
   "view": 5,
   "candidates": 5,
   "gate_counts": {
    "score": 12,
    "thing_class": 12,
    "mask": 5,
    "area": 5
   },
   "overlap_pixels": 0,
   "thing_pixels": 16499,
   "stuff_pixels": 47953,
   "void_pixels": 1084
  }
 ],
 "alpha_conservation": 1.430511474609375e-06
}
[export] wrote 1 records; unchanged=True
{
 "checks": {
  "png_bytes_identical": true,
  "pred_json_identical": true,
  "counter_changed": true,
  "official_metrics_identical": false
 },
 "n_png": {
  "before": 112,
  "after": 112
 },
 "png_bytes_identical": true,
 "void_counter": {
  "g0plus": {
   "before_counter": 0,
   "after_counter": 1046
  },
  "recipe_v1": {
   "before_counter": 0,
   "after_counter": 1301
  }
 },
 "official_error": "ModuleNotFoundError: the pinned SIU3R evaluator is missing a dependency (No module named 'hydra'); run this script with /space/mawb/SIU3R/.venv_gpu_v4/bin/python inside a GPU allocation",
 "all_checks_passed": false
}
