[runtime] fused-ssim extension unavailable; using import stand-in /space/mawb/ssst/third_party/shims
[runtime] preloaded precompiled gsplat extension from /space/mawb/tokengs_siu3r_joint_v1/.torch_extensions_v4/gsplat_cuda/gsplat_cuda.so
[isv1] phase paired must run on a SLURM GPU node; see scripts/submit_instance_state_v1.sh
[paired] C EVAL 0 ctx mIoU 0.028 recall 0.000 pqTP 0 PSNR 25.51
[paired] C step 100 loss 0.4873 recon 0.0341 und 0.7553 lr_state 1.00e-04
[paired] C step 200 loss 0.3659 recon 0.0372 und 0.3286 lr_state 9.93e-05
[paired] C EVAL 200 ctx mIoU 0.792 recall 0.438 rawR 0.438 pqTP 11 | novel PSNR 22.77
[paired] C step 300 loss 0.1284 recon 0.0373 und 0.0912 lr_state 9.73e-05
[paired] C step 400 loss 0.1531 recon 0.0386 und 0.1145 lr_state 9.41e-05
[paired] C step 500 loss 0.0968 recon 0.0357 und 0.0611 lr_state 8.97e-05
[paired] C EVAL 500 ctx mIoU 0.918 recall 0.562 rawR 0.562 pqTP 12 | novel PSNR 23.47
[paired] C step 600 loss 0.1776 recon 0.0357 und 0.1419 lr_state 8.42e-05
[paired] C step 700 loss 0.1084 recon 0.0360 und 0.0724 lr_state 7.78e-05
[paired] C step 800 loss 0.1173 recon 0.0347 und 0.0827 lr_state 7.07e-05
[paired] C step 900 loss 0.0800 recon 0.0333 und 0.0467 lr_state 6.30e-05
[paired] C step 1000 loss 0.0687 recon 0.0322 und 0.0364 lr_state 5.50e-05
[paired] C EVAL 1000 ctx mIoU 0.934 recall 0.625 rawR 0.625 pqTP 14 | novel PSNR 24.57
[paired] C VAL8 1000 mIoU 0.055 recall 0.018
[paired] C step 1100 loss 0.0663 recon 0.0320 und 0.0344 lr_state 4.70e-05
[paired] C step 1200 loss 0.0638 recon 0.0313 und 0.0325 lr_state 3.90e-05
[paired] C step 1300 loss 0.0627 recon 0.0309 und 0.0318 lr_state 3.13e-05
[paired] C step 1400 loss 0.0595 recon 0.0302 und 0.0293 lr_state 2.42e-05
[paired] C step 1500 loss 0.0583 recon 0.0297 und 0.0286 lr_state 1.78e-05
[paired] C step 1600 loss 0.0571 recon 0.0293 und 0.0278 lr_state 1.23e-05
[paired] C step 1700 loss 0.0553 recon 0.0290 und 0.0264 lr_state 7.91e-06
[paired] C step 1800 loss 0.0542 recon 0.0286 und 0.0256 lr_state 4.65e-06
[paired] C step 1900 loss 0.0541 recon 0.0284 und 0.0256 lr_state 2.67e-06
[paired] C step 2000 loss 0.0532 recon 0.0283 und 0.0249 lr_state 2.00e-06
[paired] C EVAL 2000 ctx mIoU 0.973 recall 0.750 rawR 0.750 pqTP 14 | novel PSNR 25.43
[paired] C VAL8 2000 mIoU 0.055 recall 0.000
[paired] E EVAL 0 ctx mIoU 0.028 recall 0.000 pqTP 0 PSNR 25.51
